[mensa-france.net/nous-rejoindre/pre-test-sautoevaluer/index.html]
[backblue.gif]
[fade.gif]
[index.html]
[mensa-france.net/wp-content/plugins/LayerSlider/static/layerslider/js/greensockb3a6.js]
[mensa-france.net/wp-includes/js/jquery/jqueryb8ff.js]
[mensa-france.net/wp-includes/js/jquery/jquery-migrate.min330a.js]
[mensa-france.net/wp-content/plugins/LayerSlider/static/layerslider/js/layerslider.kreaturamedia.jquerya086.js]
[mensa-france.net/wp-content/plugins/LayerSlider/static/layerslider/js/layerslider.transitionsa086.js]
[mensa-france.net/wp-content/plugins/mensa-cotisation/menscot_paye_scriptd8f3.js]
[mensa-france.net/wp-content/plugins/mensa-cotisation/menscot_paye_instit_scriptd8f3.js]
[mensa-france.net/wp-content/plugins/revslider/public/assets/js/jquery.themepunch.tools.min7661.js]
[mensa-france.net/wp-content/plugins/revslider/public/assets/js/jquery.themepunch.revolution.min7661.js]
[www.google-analytics.com/analytics.js]
[mensa-france.net/wp-content/uploads/2016/02/Mensa_logo.png]
[mensa-france.net/wp-content/uploads/2016/12/t01.gif]
[mensa-france.net/wp-content/uploads/2016/12/t02.gif]
[mensa-france.net/wp-content/uploads/2016/12/t03.gif]
[mensa-france.net/wp-content/uploads/2016/12/t04.gif]
[mensa-france.net/wp-content/uploads/2016/12/t05.gif]
[mensa-france.net/wp-content/uploads/2016/12/t06.gif]
[mensa-france.net/wp-content/uploads/2016/12/t07.gif]
[mensa-france.net/wp-content/uploads/2016/12/t08.gif]
[mensa-france.net/wp-content/uploads/2016/12/t09.gif]
[mensa-france.net/wp-content/uploads/2016/12/t10.gif]
[mensa-france.net/wp-content/uploads/2016/12/t11.gif]
[mensa-france.net/wp-content/uploads/2016/12/t12.gif]
[mensa-france.net/wp-content/uploads/2016/12/t13.gif]
[mensa-france.net/wp-content/uploads/2016/12/t14.gif]
[mensa-france.net/wp-content/uploads/2016/12/t15.gif]
[mensa-france.net/wp-content/uploads/2016/12/t16.gif]
[mensa-france.net/wp-content/uploads/2016/12/t17.gif]
[mensa-france.net/wp-content/uploads/2016/12/t18.gif]
[mensa-france.net/wp-content/uploads/2016/12/texemple.jpg]
[mensa-france.net/wp-content/uploads/2016/12/t29.gif]
[mensa-france.net/wp-content/uploads/2016/12/t30.gif]
[mensa-france.net/wp-content/uploads/2016/12/t31.gif]
[mensa-france.net/wp-content/uploads/2016/12/t32.gif]
[mensa-france.net/wp-content/uploads/2016/12/t33.gif]
[mensa-france.net/wp-content/uploads/2016/12/t34.gif]
[mensa-france.net/wp-content/uploads/2016/12/t35.gif]
[mensa-france.net/wp-content/uploads/2016/12/t36.gif]
[mensa-france.net/wp-content/uploads/2016/12/t37.gif]
[mensa-france.net/wp-content/uploads/2016/12/t38.gif]
[mensa-france.net/wp-content/uploads/2016/12/t39.gif]
[mensa-france.net/wp-content/uploads/2016/12/t40.gif]
[mensa-france.net/wp-content/plugins/moncompteadmin/modif-membre-javascript5152.js]
[mensa-france.net/wp-content/plugins/contact-form-7/includes/js/scripts58e0.js]
[mensa-france.net/wp-includes/js/comment-reply.mind8f3.js]
[mensa-france.net/wp-content/plugins/newsletter/subscription/validatedeba.js]
[mensa-france.net/wp-content/uploads/fusion-scripts/ea5846d9e1f2985b624c89c59f4399ebc210.js]
[mensa-france.net/wp-includes/js/wp-embed.mind8f3.js]
[mensa-france.net/wp-includes/js/jquery/ui/core.mine899.js]
[mensa-france.net/wp-includes/js/jquery/ui/widget.mine899.js]
[mensa-france.net/wp-includes/js/jquery/ui/position.mine899.js]
[mensa-france.net/wp-includes/js/jquery/ui/tooltip.mine899.js]
[mensa-france.net/wp-content/plugins/quiz-master-next/js/progressbar.mind8f3.js]
[mensa-france.net/wp-content/plugins/the-events-calendar/common/src/resources/js/underscore-before.js]
[mensa-france.net/wp-includes/js/underscore.min4511.js]
[mensa-france.net/wp-content/plugins/the-events-calendar/common/src/resources/js/underscore-after.js]
[mensa-france.net/wp-includes/js/wp-util.mind8f3.js]
[mensa-france.net/wp-content/plugins/quiz-master-next/js/qmn_quiz9dff.js]
[mensa-france.net/nous-rejoindre/pre-test-sautoevaluer/index.html]
[mensa-france.net/wp-content/plugins/LayerSlider/static/layerslider/css/layerslidera086.css]
[mensa-france.net/wp-content/plugins/contact-form-7/images/ajax-loader.gif]
[mensa-france.net/wp-content/plugins/contact-form-7/includes/css/styles58e0.css]
[cdnjs.cloudflare.com/ajax/libs/mathjax/2.7.2/MathJaxe927.js]
[mensa-france.net/wp-content/plugins/revslider/public/assets/assets/gridtile.png]
[mensa-france.net/wp-content/plugins/revslider/public/assets/assets/gridtile_white.png]
[mensa-france.net/wp-content/plugins/revslider/public/assets/assets/gridtile_3x3.png]
[mensa-france.net/wp-content/plugins/revslider/public/assets/assets/gridtile_3x3_white.png]
[mensa-france.net/wp-content/plugins/revslider/public/assets/assets/coloredbg.png]
[mensa-france.net/wp-content/plugins/revslider/public/assets/assets/loader.gif]
[mensa-france.net/wp-content/plugins/revslider/public/assets/css/settings7661.css]
[mensa-france.net/wp-content/plugins/fusion-core/css/style.mind8f3.css]
[mensa-france.net/wp-content/themes/Avada/styled8f3.css]
[mensa-france.net/wp-content/themes/Avada/assets/images/shadow-top.png]
[mensa-france.net/wp-content/themes/Avada/assets/images/shadow-bottom.png]
[mensa-france.net/wp-content/themes/Avada/assets/css/style.min7661.css]
[mensa-france.net/wp-content/plugins/newsletter/styledeba.css]
[mensa-france.net/wp-content/plugins/quiz-master-next/templates/qmn_primary9dff.css]
[ajax.googleapis.com/ajax/libs/jqueryui/1.10.3/themes/redmond/images/animated-overlay.gif]
[ajax.googleapis.com/ajax/libs/jqueryui/1.10.3/themes/redmond/images/ui-bg_inset-hard_100_fcfdfd_1x100.png]
[ajax.googleapis.com/ajax/libs/jqueryui/1.10.3/themes/redmond/images/ui-bg_gloss-wave_55_5c9ccc_500x100.png]
[ajax.googleapis.com/ajax/libs/jqueryui/1.10.3/themes/redmond/images/ui-bg_glass_85_dfeffc_1x400.png]
[ajax.googleapis.com/ajax/libs/jqueryui/1.10.3/themes/redmond/images/ui-bg_glass_75_d0e5f5_1x400.png]
[ajax.googleapis.com/ajax/libs/jqueryui/1.10.3/themes/redmond/images/ui-bg_inset-hard_100_f5f8f9_1x100.png]
[ajax.googleapis.com/ajax/libs/jqueryui/1.10.3/themes/redmond/images/ui-bg_flat_55_fbec88_40x100.png]
[ajax.googleapis.com/ajax/libs/jqueryui/1.10.3/themes/redmond/images/ui-bg_glass_95_fef1ec_1x400.png]
[ajax.googleapis.com/ajax/libs/jqueryui/1.10.3/themes/redmond/images/ui-icons_469bdd_256x240.png]
[ajax.googleapis.com/ajax/libs/jqueryui/1.10.3/themes/redmond/images/ui-icons_d8e7f3_256x240.png]
[ajax.googleapis.com/ajax/libs/jqueryui/1.10.3/themes/redmond/images/ui-icons_6da8d5_256x240.png]
[ajax.googleapis.com/ajax/libs/jqueryui/1.10.3/themes/redmond/images/ui-icons_217bc0_256x240.png]
[ajax.googleapis.com/ajax/libs/jqueryui/1.10.3/themes/redmond/images/ui-icons_f9bd01_256x240.png]
[ajax.googleapis.com/ajax/libs/jqueryui/1.10.3/themes/redmond/images/ui-icons_2e83ff_256x240.png]
[ajax.googleapis.com/ajax/libs/jqueryui/1.10.3/themes/redmond/images/ui-icons_cd0a0a_256x240.png]
[ajax.googleapis.com/ajax/libs/jqueryui/1.10.3/themes/redmond/images/ui-bg_flat_0_aaaaaa_40x100.png]
[ajax.googleapis.com/ajax/libs/jqueryui/1.10.3/themes/redmond/jquery-uid8f3.css]
[mensa-france.net/wp-content/plugins/revslider/public/assets/css/openhand.html]
[mensa-france.net/wp-content/plugins/revslider/public/assets/css/closedhand.html]
